mode: set
kencatexpress/backend/internal/service/auth_service.go:28.115,30.2 1 1
kencatexpress/backend/internal/service/auth_service.go:33.100,35.61 2 1
kencatexpress/backend/internal/service/auth_service.go:35.61,37.3 1 1
kencatexpress/backend/internal/service/auth_service.go:38.2,40.16 3 1
kencatexpress/backend/internal/service/auth_service.go:40.16,41.36 1 1
kencatexpress/backend/internal/service/auth_service.go:41.36,43.4 1 1
kencatexpress/backend/internal/service/auth_service.go:44.3,44.18 1 1
kencatexpress/backend/internal/service/auth_service.go:46.2,46.19 1 1
kencatexpress/backend/internal/service/auth_service.go:46.19,48.3 1 1
kencatexpress/backend/internal/service/auth_service.go:49.2,49.56 1 1
kencatexpress/backend/internal/service/auth_service.go:49.56,51.3 1 1
kencatexpress/backend/internal/service/auth_service.go:52.2,52.73 1 1
kencatexpress/backend/internal/service/auth_service.go:52.73,54.3 1 1
kencatexpress/backend/internal/service/auth_service.go:55.2,58.16 4 1
kencatexpress/backend/internal/service/auth_service.go:58.16,60.3 1 0
kencatexpress/backend/internal/service/auth_service.go:61.2,61.343 1 1
kencatexpress/backend/internal/service/messenger_service.go:17.65,19.2 1 1
kencatexpress/backend/internal/service/messenger_service.go:22.110,24.2 1 1
kencatexpress/backend/internal/service/parcel_service.go:26.86,28.2 1 1
kencatexpress/backend/internal/service/parcel_service.go:31.133,32.62 1 1
kencatexpress/backend/internal/service/parcel_service.go:32.62,34.3 1 1
kencatexpress/backend/internal/service/parcel_service.go:35.2,35.65 1 1
kencatexpress/backend/internal/service/parcel_service.go:35.65,37.3 1 1
kencatexpress/backend/internal/service/parcel_service.go:38.2,38.28 1 1
kencatexpress/backend/internal/service/parcel_service.go:38.28,40.3 1 1
kencatexpress/backend/internal/service/parcel_service.go:41.2,42.16 2 1
kencatexpress/backend/internal/service/parcel_service.go:42.16,44.3 1 1
kencatexpress/backend/internal/service/parcel_service.go:45.2,46.20 2 1
kencatexpress/backend/internal/service/parcel_service.go:46.20,48.3 1 1
kencatexpress/backend/internal/service/parcel_service.go:49.2,50.16 2 1
kencatexpress/backend/internal/service/parcel_service.go:50.16,52.3 1 1
kencatexpress/backend/internal/service/parcel_service.go:53.2,53.191 1 1
kencatexpress/backend/internal/service/parcel_service.go:57.91,59.2 1 1
kencatexpress/backend/internal/service/parcel_service.go:64.111,65.41 1 1
kencatexpress/backend/internal/service/parcel_service.go:65.41,67.3 1 1
kencatexpress/backend/internal/service/parcel_service.go:68.2,69.16 2 1
kencatexpress/backend/internal/service/parcel_service.go:69.16,70.36 1 1
kencatexpress/backend/internal/service/parcel_service.go:70.36,72.4 1 1
kencatexpress/backend/internal/service/parcel_service.go:73.3,73.18 1 1
kencatexpress/backend/internal/service/parcel_service.go:75.2,75.20 1 1
kencatexpress/backend/internal/service/parcel_service.go:79.74,90.35 2 1
kencatexpress/backend/internal/service/parcel_service.go:90.35,91.37 1 1
kencatexpress/backend/internal/service/parcel_service.go:91.37,93.4 1 1
kencatexpress/backend/internal/service/parcel_service.go:95.2,95.38 1 1
kencatexpress/backend/internal/service/parcel_service.go:95.38,97.3 1 1
kencatexpress/backend/internal/service/parcel_service.go:98.2,98.12 1 1
kencatexpress/backend/internal/service/parcel_service.go:102.66,116.2 1 1
kencatexpress/backend/internal/service/report_service.go:25.80,27.2 1 1
kencatexpress/backend/internal/service/report_service.go:30.112,31.42 1 1
kencatexpress/backend/internal/service/report_service.go:31.42,33.3 1 1
kencatexpress/backend/internal/service/report_service.go:34.2,34.40 1 1
kencatexpress/backend/internal/service/report_service.go:34.40,36.3 1 1
kencatexpress/backend/internal/service/report_service.go:37.2,37.41 1 1
kencatexpress/backend/internal/service/report_service.go:37.41,39.3 1 1
kencatexpress/backend/internal/service/report_service.go:40.2,41.16 2 1
kencatexpress/backend/internal/service/report_service.go:41.16,42.36 1 1
kencatexpress/backend/internal/service/report_service.go:42.36,44.4 1 1
kencatexpress/backend/internal/service/report_service.go:45.3,45.18 1 1
kencatexpress/backend/internal/service/report_service.go:47.2,49.16 3 1
kencatexpress/backend/internal/service/report_service.go:49.16,51.3 1 1
kencatexpress/backend/internal/service/report_service.go:52.2,53.20 2 1
kencatexpress/backend/internal/service/report_service.go:57.83,59.2 1 1
kencatexpress/backend/internal/service/shipping_service.go:20.67,22.2 1 1
kencatexpress/backend/internal/service/shipping_service.go:25.174,26.17 1 1
kencatexpress/backend/internal/service/shipping_service.go:26.17,28.3 1 1
kencatexpress/backend/internal/service/shipping_service.go:29.2,30.69 2 1
kencatexpress/backend/internal/service/shipping_service.go:30.69,32.3 1 1
kencatexpress/backend/internal/service/shipping_service.go:33.2,36.16 4 1
kencatexpress/backend/internal/service/shipping_service.go:36.16,38.3 1 0
kencatexpress/backend/internal/service/shipping_service.go:39.2,39.161 1 1
kencatexpress/backend/internal/service/shipping_service.go:43.135,45.16 2 1
kencatexpress/backend/internal/service/shipping_service.go:45.16,46.36 1 1
kencatexpress/backend/internal/service/shipping_service.go:46.36,48.4 1 1
kencatexpress/backend/internal/service/shipping_service.go:49.3,49.16 1 1
kencatexpress/backend/internal/service/shipping_service.go:51.2,52.29 2 1
kencatexpress/backend/internal/service/shipping_service.go:52.29,54.3 1 1
kencatexpress/backend/internal/service/shipping_service.go:55.2,55.38 1 1
kencatexpress/backend/internal/service/tracking_service.go:23.63,25.2 1 1
kencatexpress/backend/internal/service/tracking_service.go:28.112,29.38 1 1
kencatexpress/backend/internal/service/tracking_service.go:29.38,31.3 1 1
kencatexpress/backend/internal/service/tracking_service.go:32.2,33.16 2 1
kencatexpress/backend/internal/service/tracking_service.go:33.16,34.36 1 1
kencatexpress/backend/internal/service/tracking_service.go:34.36,36.4 1 1
kencatexpress/backend/internal/service/tracking_service.go:37.3,37.18 1 1
kencatexpress/backend/internal/service/tracking_service.go:39.2,39.22 1 1
kencatexpress/backend/internal/service/tracking_service.go:43.136,44.38 1 1
kencatexpress/backend/internal/service/tracking_service.go:44.38,46.3 1 1
kencatexpress/backend/internal/service/tracking_service.go:47.2,48.21 2 1
kencatexpress/backend/internal/service/tracking_service.go:48.21,50.3 1 1
kencatexpress/backend/internal/service/tracking_service.go:51.2,52.16 2 1
kencatexpress/backend/internal/service/tracking_service.go:52.16,53.36 1 1
kencatexpress/backend/internal/service/tracking_service.go:53.36,55.4 1 1
kencatexpress/backend/internal/service/tracking_service.go:56.3,56.13 1 0
kencatexpress/backend/internal/service/tracking_service.go:58.2,59.32 2 1
kencatexpress/backend/internal/service/tracking_service.go:59.32,61.3 1 1
kencatexpress/backend/internal/service/tracking_service.go:62.2,62.52 1 1
kencatexpress/backend/internal/service/tracking_service.go:62.52,64.3 1 1
kencatexpress/backend/internal/service/tracking_service.go:65.2,65.42 1 1
kencatexpress/backend/internal/service/tracking_service.go:65.42,67.3 1 1
kencatexpress/backend/internal/service/tracking_service.go:68.2,68.39 1 1
kencatexpress/backend/internal/service/tracking_service.go:68.39,70.3 1 1
kencatexpress/backend/internal/service/tracking_service.go:71.2,72.39 2 1
kencatexpress/backend/internal/service/tracking_service.go:72.39,75.3 2 1
kencatexpress/backend/internal/service/tracking_service.go:76.2,76.231 1 1
kencatexpress/backend/internal/service/tracking_service.go:80.64,81.23 1 1
kencatexpress/backend/internal/service/tracking_service.go:82.26,83.85 1 1
kencatexpress/backend/internal/service/tracking_service.go:84.28,85.85 1 1
kencatexpress/backend/internal/service/tracking_service.go:86.55,87.15 1 1
kencatexpress/backend/internal/service/tracking_service.go:88.10,89.157 1 0
kencatexpress/backend/internal/service/tracking_service.go:94.44,95.38 1 1
kencatexpress/backend/internal/service/tracking_service.go:96.26,97.26 1 0
kencatexpress/backend/internal/service/tracking_service.go:98.28,99.20 1 1
kencatexpress/backend/internal/service/tracking_service.go:100.55,101.23 1 1
kencatexpress/backend/internal/service/tracking_service.go:102.10,103.26 1 0
kencatexpress/backend/internal/service/user_service.go:25.76,27.2 1 1
kencatexpress/backend/internal/service/user_service.go:30.92,31.13 1 1
kencatexpress/backend/internal/service/user_service.go:31.13,33.3 1 1
kencatexpress/backend/internal/service/user_service.go:34.2,35.16 2 1
kencatexpress/backend/internal/service/user_service.go:35.16,36.36 1 1
kencatexpress/backend/internal/service/user_service.go:36.36,38.4 1 1
kencatexpress/backend/internal/service/user_service.go:39.3,39.18 1 1
kencatexpress/backend/internal/service/user_service.go:41.2,41.18 1 1
kencatexpress/backend/internal/service/user_service.go:45.119,46.21 1 1
kencatexpress/backend/internal/service/user_service.go:46.21,48.3 1 1
kencatexpress/backend/internal/service/user_service.go:49.2,50.16 2 1
kencatexpress/backend/internal/service/user_service.go:50.16,51.36 1 1
kencatexpress/backend/internal/service/user_service.go:51.36,53.4 1 1
kencatexpress/backend/internal/service/user_service.go:54.3,54.18 1 1
kencatexpress/backend/internal/service/user_service.go:56.2,57.26 2 1
kencatexpress/backend/internal/service/user_service.go:57.26,59.3 1 1
kencatexpress/backend/internal/service/user_service.go:60.2,60.368 1 1
kencatexpress/backend/internal/service/vehicle_service.go:23.84,25.2 1 1
kencatexpress/backend/internal/service/vehicle_service.go:28.113,29.38 1 1
kencatexpress/backend/internal/service/vehicle_service.go:29.38,31.3 1 1
kencatexpress/backend/internal/service/vehicle_service.go:32.2,32.20 1 1
kencatexpress/backend/internal/service/vehicle_service.go:32.20,34.3 1 1
kencatexpress/backend/internal/service/vehicle_service.go:35.2,35.22 1 1
kencatexpress/backend/internal/service/vehicle_service.go:35.22,37.3 1 1
kencatexpress/backend/internal/service/vehicle_service.go:38.2,39.16 2 1
kencatexpress/backend/internal/service/vehicle_service.go:39.16,40.36 1 1
kencatexpress/backend/internal/service/vehicle_service.go:40.36,42.4 1 1
kencatexpress/backend/internal/service/vehicle_service.go:43.3,43.13 1 1
kencatexpress/backend/internal/service/vehicle_service.go:45.2,45.71 1 1
kencatexpress/backend/internal/service/vehicle_service.go:45.71,46.86 1 1
kencatexpress/backend/internal/service/vehicle_service.go:46.86,48.4 1 1
kencatexpress/backend/internal/service/vehicle_service.go:50.2,50.88 1 1
kencatexpress/backend/internal/service/vehicle_service.go:50.88,52.3 1 1
kencatexpress/backend/internal/service/vehicle_service.go:53.2,53.161 1 1
kencatexpress/backend/internal/router/router.go:14.83,17.75 2 0
kencatexpress/backend/internal/router/router.go:17.75,21.3 3 0
kencatexpress/backend/internal/router/router.go:24.2,58.88 13 0
kencatexpress/backend/internal/router/router.go:58.88,60.3 1 0
kencatexpress/backend/internal/router/router.go:62.2,63.80 2 0
kencatexpress/backend/internal/router/router.go:63.80,64.69 1 0
kencatexpress/backend/internal/router/router.go:64.69,67.4 2 0
kencatexpress/backend/internal/router/router.go:68.3,68.29 1 0
kencatexpress/backend/internal/router/router.go:70.2,70.12 1 0
kencatexpress/backend/internal/controller/controllers.go:28.302,40.2 1 0
kencatexpress/backend/internal/controller/controllers.go:43.61,45.49 2 0
kencatexpress/backend/internal/controller/controllers.go:45.49,48.3 2 0
kencatexpress/backend/internal/controller/controllers.go:50.2,51.16 2 0
kencatexpress/backend/internal/controller/controllers.go:51.16,54.3 2 0
kencatexpress/backend/internal/controller/controllers.go:56.2,65.40 2 0
kencatexpress/backend/internal/controller/controllers.go:69.67,71.31 2 0
kencatexpress/backend/internal/controller/controllers.go:71.31,74.3 2 0
kencatexpress/backend/internal/controller/controllers.go:76.2,77.16 2 0
kencatexpress/backend/internal/controller/controllers.go:77.16,80.3 2 0
kencatexpress/backend/internal/controller/controllers.go:82.2,82.40 1 0
kencatexpress/backend/internal/controller/controllers.go:86.68,88.49 2 0
kencatexpress/backend/internal/controller/controllers.go:88.49,91.3 2 0
kencatexpress/backend/internal/controller/controllers.go:93.2,94.65 2 0
kencatexpress/backend/internal/controller/controllers.go:94.65,96.61 2 0
kencatexpress/backend/internal/controller/controllers.go:96.61,98.4 1 0
kencatexpress/backend/internal/controller/controllers.go:101.2,102.16 2 0
kencatexpress/backend/internal/controller/controllers.go:102.16,105.3 2 0
kencatexpress/backend/internal/controller/controllers.go:107.2,107.45 1 0
kencatexpress/backend/internal/controller/controllers.go:111.67,113.16 2 0
kencatexpress/backend/internal/controller/controllers.go:113.16,116.3 2 0
kencatexpress/backend/internal/controller/controllers.go:118.2,118.41 1 0
kencatexpress/backend/internal/controller/controllers.go:122.65,124.16 2 0
kencatexpress/backend/internal/controller/controllers.go:124.16,127.3 2 0
kencatexpress/backend/internal/controller/controllers.go:129.2,129.42 1 0
kencatexpress/backend/internal/controller/controllers.go:133.73,136.24 3 0
kencatexpress/backend/internal/controller/controllers.go:136.24,138.3 1 0
kencatexpress/backend/internal/controller/controllers.go:140.2,141.16 2 0
kencatexpress/backend/internal/controller/controllers.go:141.16,144.3 2 0
kencatexpress/backend/internal/controller/controllers.go:146.2,153.16 2 0
kencatexpress/backend/internal/controller/controllers.go:153.16,156.3 2 0
kencatexpress/backend/internal/controller/controllers.go:158.2,158.41 1 0
kencatexpress/backend/internal/controller/controllers.go:162.67,164.16 2 0
kencatexpress/backend/internal/controller/controllers.go:164.16,167.3 2 0
kencatexpress/backend/internal/controller/controllers.go:169.2,169.44 1 0
kencatexpress/backend/internal/controller/controllers.go:173.76,175.49 2 0
kencatexpress/backend/internal/controller/controllers.go:175.49,178.3 2 0
kencatexpress/backend/internal/controller/controllers.go:180.2,180.41 1 0
kencatexpress/backend/internal/controller/controllers.go:180.41,183.3 2 0
kencatexpress/backend/internal/controller/controllers.go:185.2,193.16 2 0
kencatexpress/backend/internal/controller/controllers.go:193.16,196.3 2 0
kencatexpress/backend/internal/controller/controllers.go:198.2,202.4 1 0
kencatexpress/backend/internal/controller/controllers.go:206.73,208.65 2 0
kencatexpress/backend/internal/controller/controllers.go:208.65,210.3 1 0
kencatexpress/backend/internal/controller/controllers.go:212.2,213.16 2 0
kencatexpress/backend/internal/controller/controllers.go:213.16,216.3 2 0
kencatexpress/backend/internal/controller/controllers.go:218.2,218.41 1 0
kencatexpress/backend/internal/controller/controllers.go:222.69,224.49 2 0
kencatexpress/backend/internal/controller/controllers.go:224.49,227.3 2 0
kencatexpress/backend/internal/controller/controllers.go:229.2,229.26 1 0
kencatexpress/backend/internal/controller/controllers.go:229.26,230.66 1 0
kencatexpress/backend/internal/controller/controllers.go:230.66,232.4 1 0
kencatexpress/backend/internal/controller/controllers.go:235.2,235.107 1 0
kencatexpress/backend/internal/controller/controllers.go:235.107,238.3 2 0
kencatexpress/backend/internal/controller/controllers.go:240.2,243.4 1 0
kencatexpress/backend/internal/controller/controllers.go:247.68,249.49 2 0
kencatexpress/backend/internal/controller/controllers.go:249.49,252.3 2 0
kencatexpress/backend/internal/controller/controllers.go:254.2,255.16 2 0
kencatexpress/backend/internal/controller/controllers.go:255.16,258.3 2 0
kencatexpress/backend/internal/controller/controllers.go:260.2,264.4 1 0
kencatexpress/backend/internal/controller/controllers.go:268.67,270.16 2 0
kencatexpress/backend/internal/controller/controllers.go:270.16,273.3 2 0
kencatexpress/backend/internal/controller/controllers.go:275.2,275.43 1 0
kencatexpress/backend/internal/controller/controllers.go:279.51,280.65 1 0
kencatexpress/backend/internal/controller/controllers.go:280.65,283.3 2 0
kencatexpress/backend/internal/controller/controllers.go:284.2,284.12 1 0
kencatexpress/backend/internal/database/database.go:18.47,27.16 3 0
kencatexpress/backend/internal/database/database.go:27.16,29.3 1 0
kencatexpress/backend/internal/database/database.go:30.2,34.34 5 0
kencatexpress/backend/internal/database/database.go:34.34,36.3 1 0
kencatexpress/backend/internal/database/database.go:37.2,37.16 1 0
kencatexpress/backend/internal/database/database.go:40.83,42.16 2 0
kencatexpress/backend/internal/database/database.go:42.16,44.3 1 0
kencatexpress/backend/internal/database/database.go:45.2,46.32 2 0
kencatexpress/backend/internal/database/database.go:46.32,47.20 1 0
kencatexpress/backend/internal/database/database.go:47.20,48.12 1 0
kencatexpress/backend/internal/database/database.go:50.3,50.46 1 0
kencatexpress/backend/internal/database/database.go:50.46,52.4 1 0
kencatexpress/backend/internal/database/database.go:54.2,55.29 2 0
kencatexpress/backend/internal/database/database.go:55.29,56.50 1 0
kencatexpress/backend/internal/database/database.go:56.50,57.12 1 0
kencatexpress/backend/internal/database/database.go:59.3,59.54 1 0
kencatexpress/backend/internal/database/database.go:59.54,60.12 1 0
kencatexpress/backend/internal/database/database.go:62.3,63.17 2 0
kencatexpress/backend/internal/database/database.go:63.17,65.4 1 0
kencatexpress/backend/internal/database/database.go:66.3,66.47 1 0
kencatexpress/backend/internal/database/database.go:66.47,67.12 1 0
kencatexpress/backend/internal/database/database.go:69.3,69.65 1 0
kencatexpress/backend/internal/database/database.go:69.65,71.4 1 0
kencatexpress/backend/internal/database/database.go:73.2,73.12 1 0
kencatexpress/backend/cmd/api/main.go:20.13,24.16 3 0
kencatexpress/backend/cmd/api/main.go:24.16,26.3 1 0
kencatexpress/backend/cmd/api/main.go:27.2,31.83 4 0
kencatexpress/backend/cmd/api/main.go:31.83,33.3 1 0
kencatexpress/backend/cmd/api/main.go:35.2,48.34 12 0
kencatexpress/backend/cmd/api/main.go:48.34,51.3 2 0
kencatexpress/backend/cmd/api/main.go:53.2,64.76 4 0
kencatexpress/backend/cmd/api/main.go:64.76,66.3 1 0
kencatexpress/backend/internal/config/config.go:28.20,45.2 1 0
kencatexpress/backend/internal/config/config.go:47.39,48.53 1 0
kencatexpress/backend/internal/config/config.go:48.53,50.3 1 0
kencatexpress/backend/internal/config/config.go:51.2,51.17 1 0
kencatexpress/backend/internal/config/config.go:54.46,55.53 1 0
kencatexpress/backend/internal/config/config.go:55.53,57.17 2 0
kencatexpress/backend/internal/config/config.go:57.17,59.4 1 0
kencatexpress/backend/internal/config/config.go:61.2,61.17 1 0
kencatexpress/backend/internal/config/config.go:64.68,65.53 1 0
kencatexpress/backend/internal/config/config.go:65.53,67.17 2 0
kencatexpress/backend/internal/config/config.go:67.17,69.4 1 0
kencatexpress/backend/internal/config/config.go:71.2,71.17 1 0
kencatexpress/backend/internal/util/common.go:53.57,56.16 3 0
kencatexpress/backend/internal/util/common.go:56.16,58.3 1 0
kencatexpress/backend/internal/util/common.go:59.2,59.47 1 0
kencatexpress/backend/internal/util/common.go:59.47,61.3 1 0
kencatexpress/backend/internal/util/common.go:62.2,62.34 1 0
kencatexpress/backend/internal/util/common.go:65.72,69.2 3 0
kencatexpress/backend/internal/util/common.go:71.67,77.2 1 0
kencatexpress/backend/internal/util/common.go:79.82,80.17 1 0
kencatexpress/backend/internal/util/common.go:80.17,82.3 1 0
kencatexpress/backend/internal/util/common.go:83.2,84.28 2 0
kencatexpress/backend/internal/util/common.go:87.43,89.2 1 0
kencatexpress/backend/internal/util/common.go:91.37,96.11 5 0
kencatexpress/backend/internal/util/common.go:97.36,98.25 1 0
kencatexpress/backend/internal/util/common.go:99.36,100.23 1 0
kencatexpress/backend/internal/util/common.go:101.37,102.19 1 0
kencatexpress/backend/internal/util/common.go:103.10,104.11 1 0
kencatexpress/backend/internal/util/common.go:108.43,109.29 1 0
kencatexpress/backend/internal/util/common.go:110.23,111.13 1 0
kencatexpress/backend/internal/util/common.go:112.21,113.13 1 0
kencatexpress/backend/internal/util/common.go:114.17,115.13 1 0
kencatexpress/backend/internal/util/common.go:116.10,117.12 1 0
kencatexpress/backend/internal/util/common.go:121.42,122.29 1 0
kencatexpress/backend/internal/util/common.go:123.23,124.24 1 0
kencatexpress/backend/internal/util/common.go:125.21,126.21 1 0
kencatexpress/backend/internal/util/common.go:127.17,128.17 1 0
kencatexpress/backend/internal/util/common.go:129.10,130.14 1 0
kencatexpress/backend/internal/util/common.go:134.45,138.11 4 0
kencatexpress/backend/internal/util/common.go:139.28,140.26 1 0
kencatexpress/backend/internal/util/common.go:141.35,142.25 1 0
kencatexpress/backend/internal/util/common.go:143.10,144.11 1 0
kencatexpress/backend/internal/util/common.go:148.39,152.11 4 0
kencatexpress/backend/internal/util/common.go:153.36,154.23 1 0
kencatexpress/backend/internal/util/common.go:155.100,156.25 1 0
kencatexpress/backend/internal/util/common.go:157.50,158.25 1 0
kencatexpress/backend/internal/util/common.go:159.65,160.30 1 0
kencatexpress/backend/internal/util/common.go:161.10,162.30 1 0
kencatexpress/backend/internal/util/common.go:166.41,167.33 1 0
kencatexpress/backend/internal/util/common.go:168.23,169.20 1 0
kencatexpress/backend/internal/util/common.go:170.28,171.22 1 0
kencatexpress/backend/internal/util/common.go:172.10,173.16 1 0
kencatexpress/backend/internal/util/common.go:177.55,178.33 1 0
kencatexpress/backend/internal/util/common.go:179.21,180.47 1 0
kencatexpress/backend/internal/util/common.go:181.23,182.51 1 0
kencatexpress/backend/internal/util/common.go:183.23,184.53 1 0
kencatexpress/backend/internal/util/common.go:185.28,186.45 1 0
kencatexpress/backend/internal/util/common.go:187.10,188.35 1 0
kencatexpress/backend/internal/util/common.go:192.38,194.2 1 0
kencatexpress/backend/internal/util/common.go:196.47,198.11 2 0
kencatexpress/backend/internal/util/common.go:199.220,200.26 1 0
kencatexpress/backend/internal/util/common.go:201.10,202.23 1 0
kencatexpress/backend/internal/util/common.go:206.41,211.2 4 0
kencatexpress/backend/internal/util/common.go:213.39,215.2 1 0
kencatexpress/backend/internal/util/common.go:217.44,220.2 2 0
kencatexpress/backend/internal/util/common.go:222.49,224.2 1 0
kencatexpress/backend/internal/util/common.go:226.49,227.22 1 0
kencatexpress/backend/internal/util/common.go:227.22,229.3 1 0
kencatexpress/backend/internal/util/common.go:230.2,231.63 2 0
kencatexpress/backend/internal/util/common.go:231.63,233.3 1 0
kencatexpress/backend/internal/util/common.go:234.2,234.36 1 0
kencatexpress/backend/internal/util/common.go:237.61,240.16 3 0
kencatexpress/backend/internal/util/common.go:240.16,242.3 1 0
kencatexpress/backend/internal/util/common.go:243.2,244.16 2 0
kencatexpress/backend/internal/util/common.go:244.16,246.3 1 0
kencatexpress/backend/internal/util/common.go:247.2,252.38 6 0
kencatexpress/backend/internal/util/common.go:255.54,257.21 2 0
kencatexpress/backend/internal/util/common.go:257.21,259.3 1 0
kencatexpress/backend/internal/util/common.go:260.2,262.53 3 0
kencatexpress/backend/internal/util/common.go:262.53,264.3 1 0
kencatexpress/backend/internal/util/common.go:265.2,266.16 2 0
kencatexpress/backend/internal/util/common.go:266.16,268.3 1 0
kencatexpress/backend/internal/util/common.go:269.2,270.57 2 0
kencatexpress/backend/internal/util/common.go:270.57,272.3 1 0
kencatexpress/backend/internal/util/common.go:273.2,273.67 1 0
kencatexpress/backend/internal/util/common.go:273.67,275.3 1 0
kencatexpress/backend/internal/util/common.go:276.2,276.21 1 0
kencatexpress/backend/internal/util/common.go:279.43,283.2 3 0
kencatexpress/backend/internal/middleware/middleware.go:21.68,22.45 1 0
kencatexpress/backend/internal/middleware/middleware.go:22.45,24.3 1 0
kencatexpress/backend/internal/middleware/middleware.go:25.2,25.10 1 0
kencatexpress/backend/internal/middleware/middleware.go:28.48,29.71 1 0
kencatexpress/backend/internal/middleware/middleware.go:29.71,30.16 1 0
kencatexpress/backend/internal/middleware/middleware.go:30.16,31.36 1 0
kencatexpress/backend/internal/middleware/middleware.go:31.36,33.5 1 0
kencatexpress/backend/internal/middleware/middleware.go:35.3,35.23 1 0
kencatexpress/backend/internal/middleware/middleware.go:39.52,40.71 1 0
kencatexpress/backend/internal/middleware/middleware.go:40.71,45.3 4 0
kencatexpress/backend/internal/middleware/middleware.go:48.41,49.46 1 0
kencatexpress/backend/internal/middleware/middleware.go:49.46,50.72 1 0
kencatexpress/backend/internal/middleware/middleware.go:50.72,55.61 3 0
kencatexpress/backend/internal/middleware/middleware.go:55.61,58.5 2 0
kencatexpress/backend/internal/middleware/middleware.go:60.4,60.27 1 0
kencatexpress/backend/internal/middleware/middleware.go:60.27,66.5 5 0
kencatexpress/backend/internal/middleware/middleware.go:68.4,68.38 1 0
kencatexpress/backend/internal/middleware/middleware.go:68.38,71.5 2 0
kencatexpress/backend/internal/middleware/middleware.go:73.4,73.24 1 0
kencatexpress/backend/internal/middleware/middleware.go:78.45,79.46 1 0
kencatexpress/backend/internal/middleware/middleware.go:79.46,80.72 1 0
kencatexpress/backend/internal/middleware/middleware.go:80.72,82.10 2 0
kencatexpress/backend/internal/middleware/middleware.go:82.10,84.5 1 0
kencatexpress/backend/internal/middleware/middleware.go:85.4,85.24 1 0
kencatexpress/backend/internal/middleware/middleware.go:90.44,91.46 1 0
kencatexpress/backend/internal/middleware/middleware.go:91.46,92.72 1 0
kencatexpress/backend/internal/middleware/middleware.go:92.72,94.11 2 0
kencatexpress/backend/internal/middleware/middleware.go:94.11,97.5 2 0
kencatexpress/backend/internal/middleware/middleware.go:98.4,99.24 2 0
kencatexpress/backend/internal/middleware/middleware.go:104.47,106.29 2 0
kencatexpress/backend/internal/middleware/middleware.go:106.29,108.3 1 0
kencatexpress/backend/internal/middleware/middleware.go:110.2,110.46 1 0
kencatexpress/backend/internal/middleware/middleware.go:110.46,111.72 1 0
kencatexpress/backend/internal/middleware/middleware.go:111.72,113.11 2 0
kencatexpress/backend/internal/middleware/middleware.go:113.11,116.5 2 0
kencatexpress/backend/internal/middleware/middleware.go:117.4,117.70 1 0
kencatexpress/backend/internal/middleware/middleware.go:117.70,120.5 2 0
kencatexpress/backend/internal/middleware/middleware.go:121.4,121.24 1 0
kencatexpress/backend/internal/middleware/middleware.go:126.66,129.2 2 0
kencatexpress/backend/internal/middleware/middleware.go:131.70,133.17 2 0
kencatexpress/backend/internal/middleware/middleware.go:133.17,135.17 2 0
kencatexpress/backend/internal/middleware/middleware.go:135.17,137.4 1 0
kencatexpress/backend/internal/middleware/middleware.go:139.2,139.17 1 0
kencatexpress/backend/internal/middleware/middleware.go:139.17,141.3 1 0
kencatexpress/backend/internal/middleware/middleware.go:143.2,144.16 2 0
kencatexpress/backend/internal/middleware/middleware.go:144.16,146.3 1 0
kencatexpress/backend/internal/middleware/middleware.go:147.2,147.21 1 0
kencatexpress/backend/internal/middleware/middleware.go:155.50,158.2 2 0
